// Jest Snapshot v1, https://goo.gl/fbAQLP

exports[`Unit test for '<GifGrid>' should render correctly 1`] = `
<Fragment>
  <h3
    className="animate__animated animate__fadeIn"
  >
     ~ 
    One Punch
     ~ 
  </h3>
  <p
    className="animate__animated animate__flash"
  >
    cargando...
  </p>
  <div
    className="card-grid animate__animated animate__fadeIn"
  />
</Fragment>
`;
